artemovso@b112-1 MINGW64 ~/.ssh/DZ_3 (main)
$ vagrant.exe ssh
Last login: Tue May 11 07:28:42 2021 from 10.0.2.2
[vagrant@lvm ~]$ sudo yum install xfsdump
Loaded plugins: fastestmirror
Loading mirror speeds from cached hostfile
 * base: centos-mirror.rbc.ru
 * extras: mirror.yandex.ru
 * updates: mirror.yandex.ru
base                                                                                                        | 3.6 kB  00:00:00
extras                                                                                                      | 2.9 kB  00:00:00
updates                                                                                                     | 2.9 kB  00:00:00
updates/7/x86_64/primary_db                                                                                 | 8.0 MB  00:00:03
Resolving Dependencies
--> Running transaction check
---> Package xfsdump.x86_64 0:3.1.7-1.el7 will be installed
--> Processing Dependency: attr >= 2.0.0 for package: xfsdump-3.1.7-1.el7.x86_64
--> Running transaction check
---> Package attr.x86_64 0:2.4.46-13.el7 will be installed
--> Finished Dependency Resolution

Dependencies Resolved

===================================================================================================================================
 Package                       Arch                         Version                               Repository                  Size
===================================================================================================================================
Installing:
 xfsdump                       x86_64                       3.1.7-1.el7                           base                       308 k
Installing for dependencies:
 attr                          x86_64                       2.4.46-13.el7                         base                        66 k

Transaction Summary
===================================================================================================================================
Install  1 Package (+1 Dependent package)

Total download size: 374 k
Installed size: 1.1 M
Is this ok [y/d/N]: y
Downloading packages:
(1/2): attr-2.4.46-13.el7.x86_64.rpm                                                                        |  66 kB  00:00:03
(2/2): xfsdump-3.1.7-1.el7.x86_64.rpm                                                                       | 308 kB  00:00:03
-----------------------------------------------------------------------------------------------------------------------------------
Total                                                                                              106 kB/s | 374 kB  00:00:03
Running transaction check
Running transaction test
Transaction test succeeded
Running transaction
  Installing : attr-2.4.46-13.el7.x86_64                                                                                       1/2
  Installing : xfsdump-3.1.7-1.el7.x86_64                                                                                      2/2
  Verifying  : attr-2.4.46-13.el7.x86_64                                                                                       1/2
  Verifying  : xfsdump-3.1.7-1.el7.x86_64                                                                                      2/2

Installed:
  xfsdump.x86_64 0:3.1.7-1.el7

Dependency Installed:
  attr.x86_64 0:2.4.46-13.el7

Complete!
[vagrant@lvm ~]$ sudo pvcreate /dev/sdb
  Physical volume "/dev/sdb" successfully created.
[vagrant@lvm ~]$ sudo vgcreate vg_root /dev/sdb
  Volume group "vg_root" successfully created
[vagrant@lvm ~]$ sudo lvcreate -n lv_root -l +100%FREE /dev/vg_root
WARNING: ext4 signature detected on /dev/vg_root/lv_root at offset 1080. Wipe it? [y/n]: y
  Wiping ext4 signature on /dev/vg_root/lv_root.
  Logical volume "lv_root" created.
[vagrant@lvm ~]$ sudo mkfs.xfs /dev/vg_root/lv_root
meta-data=/dev/vg_root/lv_root   isize=512    agcount=4, agsize=655104 blks
         =                       sectsz=512   attr=2, projid32bit=1
         =                       crc=1        finobt=0, sparse=0
data     =                       bsize=4096   blocks=2620416, imaxpct=25
         =                       sunit=0      swidth=0 blks
naming   =version 2              bsize=4096   ascii-ci=0 ftype=1
log      =internal log           bsize=4096   blocks=2560, version=2
         =                       sectsz=512   sunit=0 blks, lazy-count=1
realtime =none                   extsz=4096   blocks=0, rtextents=0
[vagrant@lvm ~]$ sudo mount /dev/vg_root/lv_root /mnt
[vagrant@lvm ~]$ sudo xfsdump -J - /dev/VolGroup00/LogVol00 | xfsrestore -J - /mnt
xfsrestore: using file dump (drive_simple) strategy
xfsrestore: version 3.1.7 (dump format 3.0)
xfsrestore: ERROR: unable to create /mnt/xfsrestorehousekeepingdir: Permission denied
xfsrestore: Restore Status: ERROR
xfsdump: using file dump (drive_simple) strategy
xfsdump: version 3.1.7 (dump format 3.0)
xfsdump: level 0 dump of lvm:/
xfsdump: dump date: Tue May 11 08:19:23 2021
xfsdump: session id: 5e987135-ff47-45d7-86d9-c24db281bd35
xfsdump: session label: ""
xfsdump: ino map phase 1: constructing initial dump list
xfsdump: ino map phase 2: skipping (no pruning necessary)
xfsdump: ino map phase 3: skipping (only one dump stream)
xfsdump: ino map construction complete
xfsdump: estimated dump size: 1644041408 bytes
xfsdump: creating dump session media file 0 (media 0, file 0)
xfsdump: dumping ino map
xfsdump: dumping directories
xfsdump: WARNING: write to stdio failed: 32 (Broken pipe)
xfsdump: ending media file
xfsdump: media file size 0 bytes
xfsdump: dump size (non-dir files) : 0 bytes
xfsdump: NOTE: dump interrupted: 1 seconds elapsed
xfsdump: Dump Status: INTERRUPT
[vagrant@lvm ~]$ sudo -i
[root@lvm ~]# xfsdump -J - /dev/VolGroup00/LogVol00 | xfsrestore -J - /mnt
xfsrestore: using file dump (drive_simple) strategy
xfsrestore: version 3.1.7 (dump format 3.0)
xfsdump: using file dump (drive_simple) strategy
xfsdump: version 3.1.7 (dump format 3.0)
xfsdump: level 0 dump of lvm:/
xfsdump: dump date: Tue May 11 08:20:02 2021
xfsdump: session id: 76a90a29-aa8b-46d2-b51c-40a346ab9a62
xfsdump: session label: ""
xfsrestore: searching media for dump
xfsdump: ino map phase 1: constructing initial dump list
xfsdump: ino map phase 2: skipping (no pruning necessary)
xfsdump: ino map phase 3: skipping (only one dump stream)
xfsdump: ino map construction complete
xfsdump: estimated dump size: 1644041408 bytes
xfsdump: creating dump session media file 0 (media 0, file 0)
xfsdump: dumping ino map
xfsdump: dumping directories
xfsrestore: examining media file 0
xfsrestore: dump description:
xfsrestore: hostname: lvm
xfsrestore: mount point: /
xfsrestore: volume: /dev/mapper/VolGroup00-LogVol00
xfsrestore: session time: Tue May 11 08:20:02 2021
xfsrestore: level: 0
xfsrestore: session label: ""
xfsrestore: media label: ""
xfsrestore: file system id: b60e9498-0baa-4d9f-90aa-069048217fee
xfsrestore: session id: 76a90a29-aa8b-46d2-b51c-40a346ab9a62
xfsrestore: media id: 29fd1df8-d4ad-4fa5-98c7-6bd4be912db9
xfsrestore: searching media for directory dump
xfsrestore: reading directories
xfsdump: dumping non-directory files
xfsrestore: 8509 directories and 54939 entries processed
xfsrestore: directory post-processing
xfsrestore: restoring non-directory files
xfsdump: ending media file
xfsdump: media file size 1588374008 bytes
xfsdump: dump size (non-dir files) : 1555359320 bytes
xfsdump: dump complete: 138 seconds elapsed
xfsdump: Dump Status: SUCCESS
xfsrestore: restore complete: 139 seconds elapsed
xfsrestore: Restore Status: SUCCESS
[root@lvm ~]# ls /mnt
bin  boot  data  dev  etc  home  lib  lib64  media  mnt  opt  proc  root  run  sbin  srv  sys  tmp  usr  vagrant  var
[root@lvm ~]# for i in /proc/ /sys/ /dev/ /run/ /boot/; do mount --bind $i /mnt/$i; done
[root@lvm ~]# chroot /mnt/
[root@lvm /]# grub2-mkconfig -o /boot/grub2/grub.cfg
Generating grub configuration file ...
Found linux image: /boot/vmlinuz-3.10.0-1160.25.1.el7.x86_64
Found initrd image: /boot/initramfs-3.10.0-1160.25.1.el7.x86_64.img
Found linux image: /boot/vmlinuz-3.10.0-862.2.3.el7.x86_64
Found initrd image: /boot/initramfs-3.10.0-862.2.3.el7.x86_64.img
done
[root@lvm /]# cd /boot ; for i in `ls initramfs-*img`; do dracut -v $i `echo $i|sed "s/initramfs-//g;
> s/.img//g"` --force; done
Executing: /sbin/dracut -v initramfs-3.10.0-1160.25.1.el7.x86_64.img 3.10.0-1160.25.1.el7.x86_64 --force
dracut module 'busybox' will not be installed, because command 'busybox' could not be found!
dracut module 'crypt' will not be installed, because command 'cryptsetup' could not be found!
dracut module 'dmraid' will not be installed, because command 'dmraid' could not be found!
dracut module 'dmsquash-live-ntfs' will not be installed, because command 'ntfs-3g' could not be found!
dracut module 'multipath' will not be installed, because command 'multipath' could not be found!
dracut module 'busybox' will not be installed, because command 'busybox' could not be found!
dracut module 'crypt' will not be installed, because command 'cryptsetup' could not be found!
dracut module 'dmraid' will not be installed, because command 'dmraid' could not be found!
dracut module 'dmsquash-live-ntfs' will not be installed, because command 'ntfs-3g' could not be found!
dracut module 'multipath' will not be installed, because command 'multipath' could not be found!
*** Including module: bash ***
*** Including module: nss-softokn ***
*** Including module: i18n ***
*** Including module: drm ***
*** Including module: plymouth ***
*** Including module: dm ***
Skipping udev rule: 64-device-mapper.rules
Skipping udev rule: 60-persistent-storage-dm.rules
Skipping udev rule: 55-dm.rules
*** Including module: kernel-modules ***
Omitting driver floppy
*** Including module: lvm ***
Skipping udev rule: 64-device-mapper.rules
Skipping udev rule: 56-lvm.rules
Skipping udev rule: 60-persistent-storage-lvm.rules
*** Including module: qemu ***
*** Including module: resume ***
*** Including module: rootfs-block ***
*** Including module: terminfo ***
*** Including module: udev-rules ***
Skipping udev rule: 40-redhat-cpu-hotplug.rules
Skipping udev rule: 91-permissions.rules
*** Including module: biosdevname ***
*** Including module: systemd ***
*** Including module: usrmount ***
*** Including module: base ***
*** Including module: fs-lib ***
*** Including module: shutdown ***
*** Including modules done ***
*** Installing kernel module dependencies and firmware ***
*** Installing kernel module dependencies and firmware done ***
*** Resolving executable dependencies ***
*** Resolving executable dependencies done***
*** Hardlinking files ***
*** Hardlinking files done ***
*** Stripping files ***
*** Stripping files done ***
*** Generating early-microcode cpio image contents ***
*** Constructing AuthenticAMD.bin ****
*** Store current command line parameters ***
*** Creating image file ***
*** Creating microcode section ***
*** Created microcode section ***
*** Creating image file done ***
*** Creating initramfs image file '/boot/initramfs-3.10.0-1160.25.1.el7.x86_64.img' done ***
Executing: /sbin/dracut -v initramfs-3.10.0-862.2.3.el7.x86_64.img 3.10.0-862.2.3.el7.x86_64 --force
dracut module 'busybox' will not be installed, because command 'busybox' could not be found!
dracut module 'crypt' will not be installed, because command 'cryptsetup' could not be found!
dracut module 'dmraid' will not be installed, because command 'dmraid' could not be found!
dracut module 'dmsquash-live-ntfs' will not be installed, because command 'ntfs-3g' could not be found!
dracut module 'multipath' will not be installed, because command 'multipath' could not be found!
dracut module 'busybox' will not be installed, because command 'busybox' could not be found!
dracut module 'crypt' will not be installed, because command 'cryptsetup' could not be found!
dracut module 'dmraid' will not be installed, because command 'dmraid' could not be found!
dracut module 'dmsquash-live-ntfs' will not be installed, because command 'ntfs-3g' could not be found!
dracut module 'multipath' will not be installed, because command 'multipath' could not be found!
*** Including module: bash ***
*** Including module: nss-softokn ***
*** Including module: i18n ***
*** Including module: drm ***
*** Including module: plymouth ***
*** Including module: dm ***
Skipping udev rule: 64-device-mapper.rules
Skipping udev rule: 60-persistent-storage-dm.rules
Skipping udev rule: 55-dm.rules
*** Including module: kernel-modules ***
Omitting driver floppy
*** Including module: lvm ***
Skipping udev rule: 64-device-mapper.rules
Skipping udev rule: 56-lvm.rules
Skipping udev rule: 60-persistent-storage-lvm.rules
*** Including module: qemu ***
*** Including module: resume ***
*** Including module: rootfs-block ***
*** Including module: terminfo ***
*** Including module: udev-rules ***
Skipping udev rule: 40-redhat-cpu-hotplug.rules
Skipping udev rule: 91-permissions.rules
*** Including module: biosdevname ***
*** Including module: systemd ***
*** Including module: usrmount ***
*** Including module: base ***
*** Including module: fs-lib ***
*** Including module: shutdown ***
*** Including modules done ***
*** Installing kernel module dependencies and firmware ***
*** Installing kernel module dependencies and firmware done ***
*** Resolving executable dependencies ***
*** Resolving executable dependencies done***
*** Hardlinking files ***
*** Hardlinking files done ***
*** Stripping files ***
*** Stripping files done ***
*** Generating early-microcode cpio image contents ***
*** Constructing AuthenticAMD.bin ****
*** Store current command line parameters ***
*** Creating image file ***
*** Creating microcode section ***
*** Created microcode section ***
*** Creating image file done ***
*** Creating initramfs image file '/boot/initramfs-3.10.0-862.2.3.el7.x86_64.img' done ***
[root@lvm boot]# yum install nano
Loaded plugins: fastestmirror
Loading mirror speeds from cached hostfile
 * base: centos-mirror.rbc.ru
 * extras: mirror.yandex.ru
 * updates: mirror.yandex.ru
Resolving Dependencies
--> Running transaction check
---> Package nano.x86_64 0:2.3.1-10.el7 will be installed
--> Finished Dependency Resolution

Dependencies Resolved

===================================================================================================================================
 Package                     Arch                          Version                               Repository                   Size
===================================================================================================================================
Installing:
 nano                        x86_64                        2.3.1-10.el7                          base                        440 k

Transaction Summary
===================================================================================================================================
Install  1 Package

Total download size: 440 k
Installed size: 1.6 M
Is this ok [y/d/N]: y
Downloading packages:
nano-2.3.1-10.el7.x86_64.rpm                                                                                | 440 kB  00:00:02
Running transaction check
Running transaction test
Transaction test succeeded
Running transaction
  Installing : nano-2.3.1-10.el7.x86_64                                                                                        1/1
  Verifying  : nano-2.3.1-10.el7.x86_64                                                                                        1/1

Installed:
  nano.x86_64 0:2.3.1-10.el7

Complete!
[root@lvm boot]# nano
[root@lvm boot]# nano /boot/grub2/grub.cfg
[root@lvm boot]# reboot
Running in chroot, ignoring request.
[root@lvm boot]# exit
exit
[root@lvm ~]# sudo reboot
Connection to 127.0.0.1 closed by remote host.
Connection to 127.0.0.1 closed.

artemovso@b112-1 MINGW64 ~/.ssh/DZ_3 (main)
$ vagrant ssh

artemovso@b112-1 MINGW64 ~/.ssh/DZ_3 (main)
$ vagrant ssh

artemovso@b112-1 MINGW64 ~/.ssh/DZ_3 (main)
$ vagrant.exe reload
==> lvm: Attempting graceful shutdown of VM...
    lvm: Guest communication could not be established! This is usually because
    lvm: SSH is not running, the authentication information was changed,
    lvm: or some other networking issue. Vagrant will force halt, if
    lvm: capable.
==> lvm: Forcing shutdown of VM...
==> lvm: Checking if box 'centos/7' version '1804.02' is up to date...
==> lvm: Clearing any previously set forwarded ports...
==> lvm: Clearing any previously set network interfaces...
==> lvm: Preparing network interfaces based on configuration...
    lvm: Adapter 1: nat
    lvm: Adapter 2: hostonly
==> lvm: Forwarding ports...
    lvm: 22 (guest) => 2222 (host) (adapter 1)
==> lvm: Running 'pre-boot' VM customizations...
==> lvm: Booting VM...
==> lvm: Waiting for machine to boot. This may take a few minutes...
    lvm: SSH address: 127.0.0.1:2222
    lvm: SSH username: vagrant
    lvm: SSH auth method: private key
==> lvm: Machine booted and ready!
Got different reports about installed GuestAdditions version:
Virtualbox on your host claims:
VBoxService inside the vm claims: 6.1.22
Going on, assuming VBoxService is correct...
[lvm] GuestAdditions seems to be installed (6.1.22) correctly, but not running.
Got different reports about installed GuestAdditions version:
Virtualbox on your host claims:
VBoxService inside the vm claims: 6.1.22
Going on, assuming VBoxService is correct...
Redirecting to /bin/systemctl start vboxadd.service
Job for vboxadd.service failed because the control process exited with error code. See "systemctl status vboxadd.service" and "journalctl -xe" for details.
Redirecting to /bin/systemctl start vboxadd-service.service
Job for vboxadd-service.service failed because the control process exited with error code. See "systemctl status vboxadd-service.service" and "journalctl -xe" for details.
Got different reports about installed GuestAdditions version:
Virtualbox on your host claims:
VBoxService inside the vm claims: 6.1.22
Going on, assuming VBoxService is correct...
      1 [sig] bash 545! sigpacket::process: Suppressing signal 18 to win32 process (pid 7520)
==> lvm: Waiting for cleanup before exiting...

artemovso@b112-1 MINGW64 ~/.ssh/DZ_3 (main)
$ vagrant.exe ssh
Last login: Tue May 11 08:14:15 2021 from 10.0.2.2
[vagrant@lvm ~]$ slblk
-bash: slblk: command not found
[vagrant@lvm ~]$ sudo slblk
sudo: slblk: command not found
[vagrant@lvm ~]$ дыидл
-bash: дыидл: command not found
[vagrant@lvm ~]$ lsblk
NAME                    MAJ:MIN RM  SIZE RO TYPE MOUNTPOINT
sda                       8:0    0   40G  0 disk
├─sda1                    8:1    0    1M  0 part
├─sda2                    8:2    0    1G  0 part /boot
└─sda3                    8:3    0   39G  0 part
  ├─VolGroup00-LogVol01 253:1    0  1.5G  0 lvm  [SWAP]
  └─VolGroup00-LogVol00 253:2    0 37.5G  0 lvm
sdb                       8:16   0   10G  0 disk
└─vg_root-lv_root       253:0    0   10G  0 lvm  /
sdc                       8:32   0    2G  0 disk
sdd                       8:48   0    1G  0 disk
sde                       8:64   0    1G  0 disk
[vagrant@lvm ~]$ ^C
[vagrant@lvm ~]$ lvremove /dev/VolGroup00/LogVol00
  WARNING: Running as a non-root user. Functionality may be unavailable.
  /run/lvm/lvmetad.socket: access failed: Permission denied
  WARNING: Failed to connect to lvmetad. Falling back to device scanning.
  /dev/mapper/control: open failed: Permission denied
  Failure to communicate with kernel device-mapper driver.
  Incompatible libdevmapper 1.02.170-RHEL7 (2020-03-24) and kernel driver (unknown version).
  /run/lock/lvm/V_VolGroup00:aux: open failed: Permission denied
  Can't get lock for VolGroup00
  Cannot process volume group VolGroup00
[vagrant@lvm ~]$ sudo lvremove /dev/VolGroup00/LogVol00
Do you really want to remove active logical volume VolGroup00/LogVol00? [y/n]: y
  Logical volume "LogVol00" successfully removed
[vagrant@lvm ~]$  lvcreate -n VolGroup00/LogVol00 -L 8G /dev/VolGroup00
  WARNING: Running as a non-root user. Functionality may be unavailable.
  /run/lvm/lvmetad.socket: access failed: Permission denied
  WARNING: Failed to connect to lvmetad. Falling back to device scanning.
  /dev/mapper/control: open failed: Permission denied
  Failure to communicate with kernel device-mapper driver.
  Incompatible libdevmapper 1.02.170-RHEL7 (2020-03-24) and kernel driver (unknown version).
  striped: Required device-mapper target(s) not detected in your kernel.
  Run `lvcreate --help' for more information.
[vagrant@lvm ~]$ sudo  lvcreate -n VolGroup00/LogVol00 -L 8G /dev/VolGroup00
WARNING: xfs signature detected on /dev/VolGroup00/LogVol00 at offset 0. Wipe it? [y/n]: y
  Wiping xfs signature on /dev/VolGroup00/LogVol00.
  Logical volume "LogVol00" created.
[vagrant@lvm ~]$ sudo mkfs.xfs /dev/VolGroup00/LogVol00
meta-data=/dev/VolGroup00/LogVol00 isize=512    agcount=4, agsize=524288 blks
         =                       sectsz=512   attr=2, projid32bit=1
         =                       crc=1        finobt=0, sparse=0
data     =                       bsize=4096   blocks=2097152, imaxpct=25
         =                       sunit=0      swidth=0 blks
naming   =version 2              bsize=4096   ascii-ci=0 ftype=1
log      =internal log           bsize=4096   blocks=2560, version=2
         =                       sectsz=512   sunit=0 blks, lazy-count=1
realtime =none                   extsz=4096   blocks=0, rtextents=0
[vagrant@lvm ~]$ sudo -i
[root@lvm ~]# mount /dev/VolGroup00/LogVol00 /mnt
[root@lvm ~]# xfsdump -J - /dev/vg_root/lv_root | xfsrestore -J - /mnt
xfsdump: using file dump (drive_simple) strategy
xfsdump: version 3.1.7 (dump format 3.0)
xfsdump: level 0 dump of lvm:/
xfsdump: dump date: Tue May 11 09:25:04 2021
xfsdump: session id: bdd93213-dc1b-413b-8515-c72cb7b00f8f
xfsdump: session label: ""
xfsrestore: using file dump (drive_simple) strategy
xfsrestore: version 3.1.7 (dump format 3.0)
xfsrestore: searching media for dump
xfsdump: ino map phase 1: constructing initial dump list
xfsdump: ino map phase 2: skipping (no pruning necessary)
xfsdump: ino map phase 3: skipping (only one dump stream)
xfsdump: ino map construction complete
xfsdump: estimated dump size: 1634119040 bytes
xfsdump: creating dump session media file 0 (media 0, file 0)
xfsdump: dumping ino map
xfsdump: dumping directories
xfsrestore: examining media file 0
xfsrestore: dump description:
xfsrestore: hostname: lvm
xfsrestore: mount point: /
xfsrestore: volume: /dev/mapper/vg_root-lv_root
xfsrestore: session time: Tue May 11 09:25:04 2021
xfsrestore: level: 0
xfsrestore: session label: ""
xfsrestore: media label: ""
xfsrestore: file system id: b18246eb-1895-45a7-b9d6-bff2635a6329
xfsrestore: session id: bdd93213-dc1b-413b-8515-c72cb7b00f8f
xfsrestore: media id: a15b2385-fcc6-40fa-ac6d-cbce630aaa18
xfsrestore: searching media for directory dump
xfsrestore: reading directories
xfsdump: dumping non-directory files
xfsrestore: 8594 directories and 56098 entries processed
xfsrestore: directory post-processing
xfsrestore: restoring non-directory files
xfsdump: ending media file
xfsdump: media file size 1578262336 bytes
xfsdump: dump size (non-dir files) : 1544482136 bytes
xfsdump: dump complete: 89 seconds elapsed
xfsdump: Dump Status: SUCCESS
xfsrestore: restore complete: 90 seconds elapsed
xfsrestore: Restore Status: SUCCESS
[root@lvm ~]# for i in /proc/ /sys/ /dev/ /run/ /boot/; do mount --bind $i /mnt/$i; done
[root@lvm ~]# chroot /mnt/
[root@lvm /]# grub2-mkconfig -o /boot/grub2/grub.cfg
Generating grub configuration file ...
Found linux image: /boot/vmlinuz-3.10.0-1160.25.1.el7.x86_64
Found initrd image: /boot/initramfs-3.10.0-1160.25.1.el7.x86_64.img
Found linux image: /boot/vmlinuz-3.10.0-862.2.3.el7.x86_64
Found initrd image: /boot/initramfs-3.10.0-862.2.3.el7.x86_64.img
done
[root@lvm /]#  cd /boot ; for i in `ls initramfs-*img`; do dracut -v $i `echo $i|sed "s/initramfs-//g;
> s/.img//g"` --force; done
Executing: /sbin/dracut -v initramfs-3.10.0-1160.25.1.el7.x86_64.img 3.10.0-1160.25.1.el7.x86_64 --force
dracut module 'busybox' will not be installed, because command 'busybox' could not be found!
dracut module 'crypt' will not be installed, because command 'cryptsetup' could not be found!
dracut module 'dmraid' will not be installed, because command 'dmraid' could not be found!
dracut module 'dmsquash-live-ntfs' will not be installed, because command 'ntfs-3g' could not be found!
dracut module 'multipath' will not be installed, because command 'multipath' could not be found!
dracut module 'busybox' will not be installed, because command 'busybox' could not be found!
dracut module 'crypt' will not be installed, because command 'cryptsetup' could not be found!
dracut module 'dmraid' will not be installed, because command 'dmraid' could not be found!
dracut module 'dmsquash-live-ntfs' will not be installed, because command 'ntfs-3g' could not be found!
dracut module 'multipath' will not be installed, because command 'multipath' could not be found!
*** Including module: bash ***
*** Including module: nss-softokn ***
*** Including module: i18n ***
*** Including module: drm ***
*** Including module: plymouth ***
*** Including module: dm ***
Skipping udev rule: 64-device-mapper.rules
Skipping udev rule: 60-persistent-storage-dm.rules
Skipping udev rule: 55-dm.rules
*** Including module: kernel-modules ***
Omitting driver floppy
*** Including module: lvm ***
Skipping udev rule: 64-device-mapper.rules
Skipping udev rule: 56-lvm.rules
Skipping udev rule: 60-persistent-storage-lvm.rules
*** Including module: qemu ***
*** Including module: resume ***
*** Including module: rootfs-block ***
*** Including module: terminfo ***
*** Including module: udev-rules ***
Skipping udev rule: 40-redhat-cpu-hotplug.rules
Skipping udev rule: 91-permissions.rules
*** Including module: biosdevname ***
*** Including module: systemd ***
*** Including module: usrmount ***
*** Including module: base ***
*** Including module: fs-lib ***
*** Including module: shutdown ***
*** Including modules done ***
Failed to install module hv_netvsc
*** Installing kernel module dependencies and firmware ***

Broadcast message from systemd-journald@lvm (Tue 2021-05-11 09:32:59 UTC):

dracut[2044]: Failed to install module hv_netvsc


Message from syslogd@lvm at May 11 09:32:59 ...
 dracut:Failed to install module hv_netvsc
*** Installing kernel module dependencies and firmware done ***
*** Resolving executable dependencies ***
*** Resolving executable dependencies done***
*** Hardlinking files ***
*** Hardlinking files done ***
*** Stripping files ***
*** Stripping files done ***
*** Generating early-microcode cpio image contents ***
*** Constructing AuthenticAMD.bin ****
*** Store current command line parameters ***
*** Creating image file ***
*** Creating microcode section ***
*** Created microcode section ***
*** Creating image file done ***
*** Creating initramfs image file '/boot/initramfs-3.10.0-1160.25.1.el7.x86_64.img' done ***
Executing: /sbin/dracut -v initramfs-3.10.0-862.2.3.el7.x86_64.img 3.10.0-862.2.3.el7.x86_64 --force
dracut module 'busybox' will not be installed, because command 'busybox' could not be found!
dracut module 'crypt' will not be installed, because command 'cryptsetup' could not be found!
dracut module 'dmraid' will not be installed, because command 'dmraid' could not be found!
dracut module 'dmsquash-live-ntfs' will not be installed, because command 'ntfs-3g' could not be found!
dracut module 'multipath' will not be installed, because command 'multipath' could not be found!
dracut module 'busybox' will not be installed, because command 'busybox' could not be found!
dracut module 'crypt' will not be installed, because command 'cryptsetup' could not be found!
dracut module 'dmraid' will not be installed, because command 'dmraid' could not be found!
dracut module 'dmsquash-live-ntfs' will not be installed, because command 'ntfs-3g' could not be found!
dracut module 'multipath' will not be installed, because command 'multipath' could not be found!
*** Including module: bash ***
*** Including module: nss-softokn ***
*** Including module: i18n ***
*** Including module: drm ***
*** Including module: plymouth ***
*** Including module: dm ***
Skipping udev rule: 64-device-mapper.rules
Skipping udev rule: 60-persistent-storage-dm.rules
Skipping udev rule: 55-dm.rules
*** Including module: kernel-modules ***
Omitting driver floppy
*** Including module: lvm ***
Skipping udev rule: 64-device-mapper.rules
Skipping udev rule: 56-lvm.rules
Skipping udev rule: 60-persistent-storage-lvm.rules
*** Including module: qemu ***
*** Including module: resume ***
*** Including module: rootfs-block ***
*** Including module: terminfo ***
*** Including module: udev-rules ***
Skipping udev rule: 40-redhat-cpu-hotplug.rules
Skipping udev rule: 91-permissions.rules
*** Including module: biosdevname ***
*** Including module: systemd ***
*** Including module: usrmount ***
*** Including module: base ***
*** Including module: fs-lib ***
*** Including module: shutdown ***
*** Including modules done ***
*** Installing kernel module dependencies and firmware ***
*** Installing kernel module dependencies and firmware done ***
*** Resolving executable dependencies ***
*** Resolving executable dependencies done***
*** Hardlinking files ***
*** Hardlinking files done ***
*** Stripping files ***
*** Stripping files done ***
*** Generating early-microcode cpio image contents ***
*** Constructing AuthenticAMD.bin ****
*** Store current command line parameters ***
*** Creating image file ***
*** Creating microcode section ***
*** Created microcode section ***
*** Creating image file done ***
*** Creating initramfs image file '/boot/initramfs-3.10.0-862.2.3.el7.x86_64.img' done ***
[root@lvm boot]# pvcreate /dev/sdc /dev/sdd
  Physical volume "/dev/sdc" successfully created.
  Physical volume "/dev/sdd" successfully created.
[root@lvm boot]# vgcreate vg_var /dev/sdc /dev/sdd
  Volume group "vg_var" successfully created
[root@lvm boot]# lvcreate -L 950M -m1 -n lv_var vg_var
  Rounding up size to full physical extent 952.00 MiB
  Logical volume "lv_var" created.
[root@lvm boot]# mkfs.ext4 /dev/vg_var/lv_var
mke2fs 1.42.9 (28-Dec-2013)
Filesystem label=
OS type: Linux
Block size=4096 (log=2)
Fragment size=4096 (log=2)
Stride=0 blocks, Stripe width=0 blocks
60928 inodes, 243712 blocks
12185 blocks (5.00%) reserved for the super user
First data block=0
Maximum filesystem blocks=249561088
8 block groups
32768 blocks per group, 32768 fragments per group
7616 inodes per group
Superblock backups stored on blocks:
        32768, 98304, 163840, 229376

Allocating group tables: done
Writing inode tables: done
Creating journal (4096 blocks): done
Writing superblocks and filesystem accounting information: done

[root@lvm boot]# mount /dev/vg_var/lv_var /mnt
[root@lvm boot]# cp -aR /var/* /mnt/ # rsync -avHPSAX /var/ /mnt/
[root@lvm boot]# mkdir /tmp/oldvar && mv /var/* /tmp/oldvar
[root@lvm boot]# umount /mnt
[root@lvm boot]#  mount /dev/vg_var/lv_var /var
[root@lvm boot]# echo "`blkid | grep var: | awk '{print $2}'` /var ext4 defaults 0 0" >> /etc/fstab
[root@lvm boot]# exit
exit
[root@lvm ~]# sudo reboot
Connection to 127.0.0.1 closed by remote host.
Connection to 127.0.0.1 closed.

artemovso@b112-1 MINGW64 ~/.ssh/DZ_3 (main)
$ vagrant ssh
Last login: Tue May 11 08:58:47 2021 from 10.0.2.2
[vagrant@lvm ~]$ lvremove /dev/vg_root/lv_root
  WARNING: Running as a non-root user. Functionality may be unavailable.
  /run/lvm/lvmetad.socket: access failed: Permission denied
  WARNING: Failed to connect to lvmetad. Falling back to device scanning.
  /dev/mapper/control: open failed: Permission denied
  Failure to communicate with kernel device-mapper driver.
  Incompatible libdevmapper 1.02.170-RHEL7 (2020-03-24) and kernel driver (unknown version).
  /run/lock/lvm/V_vg_root:aux: open failed: Permission denied
  Can't get lock for vg_root
  Cannot process volume group vg_root
[vagrant@lvm ~]$ sudo lvremove /dev/vg_root/lv_root
Do you really want to remove active logical volume vg_root/lv_root? [y/n]: y
  Logical volume "lv_root" successfully removed
[vagrant@lvm ~]$ vgremove /dev/vg_root
  WARNING: Running as a non-root user. Functionality may be unavailable.
  /run/lvm/lvmetad.socket: access failed: Permission denied
  WARNING: Failed to connect to lvmetad. Falling back to device scanning.
  /dev/mapper/control: open failed: Permission denied
  Failure to communicate with kernel device-mapper driver.
  Incompatible libdevmapper 1.02.170-RHEL7 (2020-03-24) and kernel driver (unknown version).
  /run/lock/lvm/V_vg_root:aux: open failed: Permission denied
  Can't get lock for vg_root
  Cannot process volume group vg_root
[vagrant@lvm ~]$ sudo vgremove /dev/vg_root
  Volume group "vg_root" successfully removed
[vagrant@lvm ~]$ sudo  pvremove /dev/sdb
  Labels on physical volume "/dev/sdb" successfully wiped.
[vagrant@lvm ~]$ sudo -i
[root@lvm ~]#  lvcreate -n LogVol_Home -L 2G /dev/VolGroup00
  Logical volume "LogVol_Home" created.
[root@lvm ~]# mkfs.xfs /dev/VolGroup00/LogVol_Home
meta-data=/dev/VolGroup00/LogVol_Home isize=512    agcount=4, agsize=131072 blks
         =                       sectsz=512   attr=2, projid32bit=1
         =                       crc=1        finobt=0, sparse=0
data     =                       bsize=4096   blocks=524288, imaxpct=25
         =                       sunit=0      swidth=0 blks
naming   =version 2              bsize=4096   ascii-ci=0 ftype=1
log      =internal log           bsize=4096   blocks=2560, version=2
         =                       sectsz=512   sunit=0 blks, lazy-count=1
realtime =none                   extsz=4096   blocks=0, rtextents=0
[root@lvm ~]# mount /dev/VolGroup00/LogVol_Home /mnt/
[root@lvm ~]# cp -aR /home/* /mnt/
[root@lvm ~]# rm -rf /home/*
[root@lvm ~]# umount /mnt
[root@lvm ~]#  mount /dev/VolGroup00/LogVol_Home /home/
[root@lvm ~]# echo "`blkid | grep Home | awk '{print $2}'` /home xfs defaults 0 0" >> /etc/fstab
[root@lvm ~]#  touch /home/file{1..20}
[root@lvm ~]#  lvcreate -L 100MB -s -n home_snap /dev/VolGroup00/LogVol_Home
  Rounding up size to full physical extent 128.00 MiB
  Logical volume "home_snap" created.
[root@lvm ~]# rm -f /home/file{11..20}
[root@lvm ~]# umount /home
[root@lvm ~]#  lvconvert --merge /dev/VolGroup00/home_snap
  Merging of volume VolGroup00/home_snap started.
  VolGroup00/LogVol_Home: Merged: 100.00%
[root@lvm ~]#  mount /home
[root@lvm ~]# cd /home
[root@lvm home]# dir
file1   file11  file13  file15  file17  file19  file20  file4  file6  file8  vagrant
file10  file12  file14  file16  file18  file2   file3   file5  file7  file9
[root@lvm home]#
