root@ubuntuzfs:/# cd /mypool/zfs1
root@ubuntuzfs:/mypool/zfs1# wget --no-check-certificate 'https://docs.google.com/uc?export=download&id=1KRBNW33QWqbvbVHa3hLJivOAt60yukkg' -O zfs_task1.tar.gz
--2021-05-16 16:14:34--  https://docs.google.com/uc?export=download&id=1KRBNW33QWqbvbVHa3hLJivOAt60yukkg
Resolving docs.google.com (docs.google.com)... 108.177.14.194, 2a00:1450:4010:c0f::c2
Connecting to docs.google.com (docs.google.com)|108.177.14.194|:443... connected.
HTTP request sent, awaiting response... 302 Moved Temporarily
Location: https://doc-0c-bo-docs.googleusercontent.com/docs/securesc/ha0ro937gcuc7l7deffksulhg5h7mbp1/qigr11k188fj7jqphtifabr0besntj35/1621181625000/16189157874053420687/*/1KRBNW33QWqbvbVHa3hLJivOAt60yukkg?e=download [following]
Warning: wildcards not supported in HTTP.
--2021-05-16 16:14:40--  https://doc-0c-bo-docs.googleusercontent.com/docs/securesc/ha0ro937gcuc7l7deffksulhg5h7mbp1/qigr11k188fj7jqphtifabr0besntj35/1621181625000/16189157874053420687/*/1KRBNW33QWqbvbVHa3hLJivOAt60yukkg?e=download
Resolving doc-0c-bo-docs.googleusercontent.com (doc-0c-bo-docs.googleusercontent.com)... 74.125.131.132, 2a00:1450:4010:c0e::84
Connecting to doc-0c-bo-docs.googleusercontent.com (doc-0c-bo-docs.googleusercontent.com)|74.125.131.132|:443... connected.
HTTP request sent, awaiting response... 200 OK
Length: unspecified [application/x-gzip]
Saving to: ‘zfs_task1.tar.gz’

zfs_task1.tar.gz                     [   <=>                                                   ]   6.94M  12.6MB/s    in 0.6s

2021-05-16 16:14:45 (12.6 MB/s) - ‘zfs_task1.tar.gz’ saved [7275140]

root@ubuntuzfs:/mypool/zfs1# tar xvzf zfs_task1.tar.gz
zpoolexport/
zpoolexport/filea
zpoolexport/fileb
root@ubuntuzfs:/mypool/zfs1# cd zpoolexport/
root@ubuntuzfs:/mypool/zfs1/zpoolexport# zpool import -d filea -d fileb otus
root@ubuntuzfs:/mypool/zfs1/zpoolexport# zpool list
NAME     SIZE  ALLOC   FREE  CKPOINT  EXPANDSZ   FRAG    CAP  DEDUP    HEALTH  ALTROOT
mypool  4.50G  21.3M  4.48G        -         -     0%     0%  1.00x    ONLINE  -
otus     480M  2.21M   478M        -         -     0%     0%  1.00x    ONLINE  -

root@ubuntuzfs:/mypool/zfs1/zpoolexport# zpool status
  pool: mypool
 state: ONLINE
  scan: none requested
config:

        NAME        STATE     READ WRITE CKSUM
        mypool      ONLINE       0     0     0
          mirror-0  ONLINE       0     0     0
            sdc     ONLINE       0     0     0
            sdd     ONLINE       0     0     0

errors: No known data errors

  pool: otus
 state: ONLINE
  scan: none requested
config:

        NAME                                STATE     READ WRITE CKSUM
        otus                                ONLINE       0     0     0
          mirror-0                          ONLINE       0     0     0
            /mypool/zfs1/zpoolexport/filea  ONLINE       0     0     0
            /mypool/zfs1/zpoolexport/fileb  ONLINE       0     0     0

errors: No known data errors
root@ubuntuzfs:/mypool/zfs1/zpoolexport# zfs list
NAME             USED  AVAIL     REFER  MOUNTPOINT
mypool          17.2M  4.34G       26K  /mypool
mypool/zfs1     12.2M  4.34G     12.2M  /mypool/zfs1
mypool/zfs2     1.18M  4.34G     1.18M  /mypool/zfs2
mypool/zfs3     1.19M  4.34G     1.19M  /mypool/zfs3
mypool/zfs4     1.18M  4.34G     1.18M  /mypool/zfs4
mypool/zfs5     1.18M  4.34G     1.18M  /mypool/zfs5
otus            2.04M   350M       24K  /otus
otus/hometask2  1.88M   350M     1.88M  /otus/hometask2
root@ubuntuzfs:/mypool/zfs1/zpoolexport# zfs get recordsize otus
NAME  PROPERTY    VALUE    SOURCE
otus  recordsize  128K     local
root@ubuntuzfs:/mypool/zfs1/zpoolexport# zfs get compress,compressratio otus
NAME  PROPERTY       VALUE     SOURCE
otus  compression    zle       local
otus  compressratio  1.00x     -
root@ubuntuzfs:/mypool/zfs1/zpoolexport# zfs get checksum otus
NAME  PROPERTY  VALUE      SOURCE
otus  checksum  sha256     local
root@ubuntuzfs:/mypool/zfs1/zpoolexport#
